<?xml version="1.0"?>
<link_info>
   <banner>TMS320C2000 Linker PC v16.9.1.LTS</banner>
   <copyright>Copyright (c) 1996-2015 Texas Instruments Incorporated</copyright>
   <link_time>0x58b169cf</link_time>
   <link_errors>0x0</link_errors>
   <output_file>TEST_1.out</output_file>
   <entry_point>
      <name>_c_int00</name>
      <address>0x3f8b6d</address>
   </entry_point>
   <input_file_list>
      <input_file id="fl-2">
         <path>.\</path>
         <kind>object</kind>
         <file>hello.obj</file>
         <name>hello.obj</name>
      </input_file>
      <input_file id="fl-14">
         <path>C:\ti\ccsv7\tools\compiler\ti-cgt-c2000_16.9.1.LTS\lib\</path>
         <kind>archive</kind>
         <file>rts2800_ml.lib</file>
         <name>boot28.obj</name>
      </input_file>
      <input_file id="fl-15">
         <path>C:\ti\ccsv7\tools\compiler\ti-cgt-c2000_16.9.1.LTS\lib\</path>
         <kind>archive</kind>
         <file>rts2800_ml.lib</file>
         <name>cpy_tbl.obj</name>
      </input_file>
      <input_file id="fl-16">
         <path>C:\ti\ccsv7\tools\compiler\ti-cgt-c2000_16.9.1.LTS\lib\</path>
         <kind>archive</kind>
         <file>rts2800_ml.lib</file>
         <name>exit.obj</name>
      </input_file>
      <input_file id="fl-17">
         <path>C:\ti\ccsv7\tools\compiler\ti-cgt-c2000_16.9.1.LTS\lib\</path>
         <kind>archive</kind>
         <file>rts2800_ml.lib</file>
         <name>memcpy.obj</name>
      </input_file>
      <input_file id="fl-18">
         <path>C:\ti\ccsv7\tools\compiler\ti-cgt-c2000_16.9.1.LTS\lib\</path>
         <kind>archive</kind>
         <file>rts2800_ml.lib</file>
         <name>pre_init.obj</name>
      </input_file>
      <input_file id="fl-19">
         <path>C:\ti\ccsv7\tools\compiler\ti-cgt-c2000_16.9.1.LTS\lib\</path>
         <kind>archive</kind>
         <file>rts2800_ml.lib</file>
         <name>printf.obj</name>
      </input_file>
      <input_file id="fl-1a">
         <path>C:\ti\ccsv7\tools\compiler\ti-cgt-c2000_16.9.1.LTS\lib\</path>
         <kind>archive</kind>
         <file>rts2800_ml.lib</file>
         <name>startup.obj</name>
      </input_file>
      <input_file id="fl-1b">
         <path>C:\ti\ccsv7\tools\compiler\ti-cgt-c2000_16.9.1.LTS\lib\</path>
         <kind>archive</kind>
         <file>rts2800_ml.lib</file>
         <name>_lock.obj</name>
      </input_file>
      <input_file id="fl-1c">
         <path>C:\ti\ccsv7\tools\compiler\ti-cgt-c2000_16.9.1.LTS\lib\</path>
         <kind>archive</kind>
         <file>rts2800_ml.lib</file>
         <name>_printfi_min.obj</name>
      </input_file>
      <input_file id="fl-1d">
         <path>C:\ti\ccsv7\tools\compiler\ti-cgt-c2000_16.9.1.LTS\lib\</path>
         <kind>archive</kind>
         <file>rts2800_ml.lib</file>
         <name>args_main.obj</name>
      </input_file>
      <input_file id="fl-1e">
         <path>C:\ti\ccsv7\tools\compiler\ti-cgt-c2000_16.9.1.LTS\lib\</path>
         <kind>archive</kind>
         <file>rts2800_ml.lib</file>
         <name>defs.obj</name>
      </input_file>
      <input_file id="fl-1f">
         <path>C:\ti\ccsv7\tools\compiler\ti-cgt-c2000_16.9.1.LTS\lib\</path>
         <kind>archive</kind>
         <file>rts2800_ml.lib</file>
         <name>fputc.obj</name>
      </input_file>
      <input_file id="fl-20">
         <path>C:\ti\ccsv7\tools\compiler\ti-cgt-c2000_16.9.1.LTS\lib\</path>
         <kind>archive</kind>
         <file>rts2800_ml.lib</file>
         <name>fputs.obj</name>
      </input_file>
      <input_file id="fl-21">
         <path>C:\ti\ccsv7\tools\compiler\ti-cgt-c2000_16.9.1.LTS\lib\</path>
         <kind>archive</kind>
         <file>rts2800_ml.lib</file>
         <name>lowlev.obj</name>
      </input_file>
      <input_file id="fl-22">
         <path>C:\ti\ccsv7\tools\compiler\ti-cgt-c2000_16.9.1.LTS\lib\</path>
         <kind>archive</kind>
         <file>rts2800_ml.lib</file>
         <name>memccpy.obj</name>
      </input_file>
      <input_file id="fl-23">
         <path>C:\ti\ccsv7\tools\compiler\ti-cgt-c2000_16.9.1.LTS\lib\</path>
         <kind>archive</kind>
         <file>rts2800_ml.lib</file>
         <name>memchr.obj</name>
      </input_file>
      <input_file id="fl-24">
         <path>C:\ti\ccsv7\tools\compiler\ti-cgt-c2000_16.9.1.LTS\lib\</path>
         <kind>archive</kind>
         <file>rts2800_ml.lib</file>
         <name>memset.obj</name>
      </input_file>
      <input_file id="fl-25">
         <path>C:\ti\ccsv7\tools\compiler\ti-cgt-c2000_16.9.1.LTS\lib\</path>
         <kind>archive</kind>
         <file>rts2800_ml.lib</file>
         <name>strchr.obj</name>
      </input_file>
      <input_file id="fl-26">
         <path>C:\ti\ccsv7\tools\compiler\ti-cgt-c2000_16.9.1.LTS\lib\</path>
         <kind>archive</kind>
         <file>rts2800_ml.lib</file>
         <name>strcmp.obj</name>
      </input_file>
      <input_file id="fl-27">
         <path>C:\ti\ccsv7\tools\compiler\ti-cgt-c2000_16.9.1.LTS\lib\</path>
         <kind>archive</kind>
         <file>rts2800_ml.lib</file>
         <name>strcpy.obj</name>
      </input_file>
      <input_file id="fl-28">
         <path>C:\ti\ccsv7\tools\compiler\ti-cgt-c2000_16.9.1.LTS\lib\</path>
         <kind>archive</kind>
         <file>rts2800_ml.lib</file>
         <name>strlen.obj</name>
      </input_file>
      <input_file id="fl-29">
         <path>C:\ti\ccsv7\tools\compiler\ti-cgt-c2000_16.9.1.LTS\lib\</path>
         <kind>archive</kind>
         <file>rts2800_ml.lib</file>
         <name>strncpy.obj</name>
      </input_file>
      <input_file id="fl-2a">
         <path>C:\ti\ccsv7\tools\compiler\ti-cgt-c2000_16.9.1.LTS\lib\</path>
         <kind>archive</kind>
         <file>rts2800_ml.lib</file>
         <name>trgdrv.obj</name>
      </input_file>
      <input_file id="fl-2b">
         <path>C:\ti\ccsv7\tools\compiler\ti-cgt-c2000_16.9.1.LTS\lib\</path>
         <kind>archive</kind>
         <file>rts2800_ml.lib</file>
         <name>trgmsg.obj</name>
      </input_file>
      <input_file id="fl-2c">
         <path>C:\ti\ccsv7\tools\compiler\ti-cgt-c2000_16.9.1.LTS\lib\</path>
         <kind>archive</kind>
         <file>rts2800_ml.lib</file>
         <name>_io_perm.obj</name>
      </input_file>
      <input_file id="fl-2d">
         <path>C:\ti\ccsv7\tools\compiler\ti-cgt-c2000_16.9.1.LTS\lib\</path>
         <kind>archive</kind>
         <file>rts2800_ml.lib</file>
         <name>fflush.obj</name>
      </input_file>
      <input_file id="fl-2e">
         <path>C:\ti\ccsv7\tools\compiler\ti-cgt-c2000_16.9.1.LTS\lib\</path>
         <kind>archive</kind>
         <file>rts2800_ml.lib</file>
         <name>fseek.obj</name>
      </input_file>
      <input_file id="fl-2f">
         <path>C:\ti\ccsv7\tools\compiler\ti-cgt-c2000_16.9.1.LTS\lib\</path>
         <kind>archive</kind>
         <file>rts2800_ml.lib</file>
         <name>setvbuf.obj</name>
      </input_file>
      <input_file id="fl-30">
         <path>C:\ti\ccsv7\tools\compiler\ti-cgt-c2000_16.9.1.LTS\lib\</path>
         <kind>archive</kind>
         <file>rts2800_ml.lib</file>
         <name>fopen.obj</name>
      </input_file>
      <input_file id="fl-31">
         <path>C:\ti\ccsv7\tools\compiler\ti-cgt-c2000_16.9.1.LTS\lib\</path>
         <kind>archive</kind>
         <file>rts2800_ml.lib</file>
         <name>memory.obj</name>
      </input_file>
      <input_file id="fl-32">
         <path>C:\ti\ccsv7\tools\compiler\ti-cgt-c2000_16.9.1.LTS\lib\</path>
         <kind>archive</kind>
         <file>rts2800_ml.lib</file>
         <name>fclose.obj</name>
      </input_file>
      <input_file id="fl-33">
         <path>C:\ti\ccsv7\tools\compiler\ti-cgt-c2000_16.9.1.LTS\lib\</path>
         <kind>archive</kind>
         <file>rts2800_ml.lib</file>
         <name>remove.obj</name>
      </input_file>
   </input_file_list>
   <object_component_list>
      <object_component id="oc-c8">
         <name>.text</name>
         <load_address>0x3f8002</load_address>
         <run_address>0x3f8002</run_address>
         <size>0x264</size>
         <input_file_ref idref="fl-2a"/>
      </object_component>
      <object_component id="oc-d9">
         <name>.text</name>
         <load_address>0x3f8266</load_address>
         <run_address>0x3f8266</run_address>
         <size>0x1ff</size>
         <input_file_ref idref="fl-21"/>
      </object_component>
      <object_component id="oc-e2">
         <name>.text</name>
         <load_address>0x3f8465</load_address>
         <run_address>0x3f8465</run_address>
         <size>0x1cd</size>
         <input_file_ref idref="fl-31"/>
      </object_component>
      <object_component id="oc-d6">
         <name>.text</name>
         <load_address>0x3f8632</load_address>
         <run_address>0x3f8632</run_address>
         <size>0x165</size>
         <input_file_ref idref="fl-1c"/>
      </object_component>
      <object_component id="oc-e3">
         <name>.text</name>
         <load_address>0x3f8797</load_address>
         <run_address>0x3f8797</run_address>
         <size>0xf9</size>
         <input_file_ref idref="fl-30"/>
      </object_component>
      <object_component id="oc-d5">
         <name>.text</name>
         <load_address>0x3f8890</load_address>
         <run_address>0x3f8890</run_address>
         <size>0xa3</size>
         <input_file_ref idref="fl-20"/>
      </object_component>
      <object_component id="oc-cd">
         <name>.text</name>
         <load_address>0x3f8933</load_address>
         <run_address>0x3f8933</run_address>
         <size>0x94</size>
         <input_file_ref idref="fl-2b"/>
      </object_component>
      <object_component id="oc-de">
         <name>.text</name>
         <load_address>0x3f89c7</load_address>
         <run_address>0x3f89c7</run_address>
         <size>0x79</size>
         <input_file_ref idref="fl-2f"/>
      </object_component>
      <object_component id="oc-d8">
         <name>.text</name>
         <load_address>0x3f8a40</load_address>
         <run_address>0x3f8a40</run_address>
         <size>0x6b</size>
         <input_file_ref idref="fl-2d"/>
      </object_component>
      <object_component id="oc-d7">
         <name>.text</name>
         <load_address>0x3f8aab</load_address>
         <run_address>0x3f8aab</run_address>
         <size>0x67</size>
         <input_file_ref idref="fl-2c"/>
      </object_component>
      <object_component id="oc-e4">
         <name>.text</name>
         <load_address>0x3f8b12</load_address>
         <run_address>0x3f8b12</run_address>
         <size>0x5b</size>
         <input_file_ref idref="fl-32"/>
      </object_component>
      <object_component id="oc-f">
         <name>.text</name>
         <load_address>0x3f8b6d</load_address>
         <run_address>0x3f8b6d</run_address>
         <size>0x54</size>
         <input_file_ref idref="fl-14"/>
      </object_component>
      <object_component id="oc-d4">
         <name>.text</name>
         <load_address>0x3f8bc1</load_address>
         <run_address>0x3f8bc1</run_address>
         <size>0x4f</size>
         <input_file_ref idref="fl-1f"/>
      </object_component>
      <object_component id="oc-dd">
         <name>.text</name>
         <load_address>0x3f8c10</load_address>
         <run_address>0x3f8c10</run_address>
         <size>0x3d</size>
         <input_file_ref idref="fl-2e"/>
      </object_component>
      <object_component id="oc-d2">
         <name>.text</name>
         <load_address>0x3f8c4d</load_address>
         <run_address>0x3f8c4d</run_address>
         <size>0x32</size>
         <input_file_ref idref="fl-19"/>
      </object_component>
      <object_component id="oc-c7">
         <name>.text</name>
         <load_address>0x3f8c7f</load_address>
         <run_address>0x3f8c7f</run_address>
         <size>0x29</size>
         <input_file_ref idref="fl-16"/>
      </object_component>
      <object_component id="oc-c4">
         <name>.text</name>
         <load_address>0x3f8ca8</load_address>
         <run_address>0x3f8ca8</run_address>
         <size>0x24</size>
         <input_file_ref idref="fl-15"/>
      </object_component>
      <object_component id="oc-e1">
         <name>.text</name>
         <load_address>0x3f8ccc</load_address>
         <run_address>0x3f8ccc</run_address>
         <size>0x22</size>
         <input_file_ref idref="fl-29"/>
      </object_component>
      <object_component id="oc-c9">
         <name>.text</name>
         <load_address>0x3f8cee</load_address>
         <run_address>0x3f8cee</run_address>
         <size>0x1d</size>
         <input_file_ref idref="fl-17"/>
      </object_component>
      <object_component id="oc-c6">
         <name>.text</name>
         <load_address>0x3f8d0b</load_address>
         <run_address>0x3f8d0b</run_address>
         <size>0x19</size>
         <input_file_ref idref="fl-1d"/>
      </object_component>
      <object_component id="oc-da">
         <name>.text</name>
         <load_address>0x3f8d24</load_address>
         <run_address>0x3f8d24</run_address>
         <size>0x10</size>
         <input_file_ref idref="fl-23"/>
      </object_component>
      <object_component id="oc-ca">
         <name>.text</name>
         <load_address>0x3f8d34</load_address>
         <run_address>0x3f8d34</run_address>
         <size>0xe</size>
         <input_file_ref idref="fl-2"/>
      </object_component>
      <object_component id="oc-db">
         <name>.text</name>
         <load_address>0x3f8d42</load_address>
         <run_address>0x3f8d42</run_address>
         <size>0xd</size>
         <input_file_ref idref="fl-22"/>
      </object_component>
      <object_component id="oc-dc">
         <name>.text</name>
         <load_address>0x3f8d4f</load_address>
         <run_address>0x3f8d4f</run_address>
         <size>0xc</size>
         <input_file_ref idref="fl-24"/>
      </object_component>
      <object_component id="oc-e0">
         <name>.text</name>
         <load_address>0x3f8d5b</load_address>
         <run_address>0x3f8d5b</run_address>
         <size>0xb</size>
         <input_file_ref idref="fl-25"/>
      </object_component>
      <object_component id="oc-df">
         <name>.text</name>
         <load_address>0x3f8d66</load_address>
         <run_address>0x3f8d66</run_address>
         <size>0xa</size>
         <input_file_ref idref="fl-26"/>
      </object_component>
      <object_component id="oc-d3">
         <name>.text</name>
         <load_address>0x3f8d70</load_address>
         <run_address>0x3f8d70</run_address>
         <size>0x9</size>
         <input_file_ref idref="fl-1b"/>
      </object_component>
      <object_component id="oc-d0">
         <name>.text</name>
         <load_address>0x3f8d79</load_address>
         <run_address>0x3f8d79</run_address>
         <size>0x8</size>
         <input_file_ref idref="fl-28"/>
      </object_component>
      <object_component id="oc-d1">
         <name>.text</name>
         <load_address>0x3f8d81</load_address>
         <run_address>0x3f8d81</run_address>
         <size>0x5</size>
         <input_file_ref idref="fl-27"/>
      </object_component>
      <object_component id="oc-e5">
         <name>.text</name>
         <load_address>0x3f8d86</load_address>
         <run_address>0x3f8d86</run_address>
         <size>0x3</size>
         <input_file_ref idref="fl-33"/>
      </object_component>
      <object_component id="oc-c3">
         <name>.text</name>
         <load_address>0x3f8d89</load_address>
         <run_address>0x3f8d89</run_address>
         <size>0x2</size>
         <input_file_ref idref="fl-18"/>
      </object_component>
      <object_component id="oc-c5">
         <name>.text</name>
         <load_address>0x3f8d8b</load_address>
         <run_address>0x3f8d8b</run_address>
         <size>0x1</size>
         <input_file_ref idref="fl-1a"/>
      </object_component>
      <object_component id="oc-5c">
         <name>.cinit</name>
         <load_address>0x3f8d8c</load_address>
         <run_address>0x3f8d8c</run_address>
         <size>0x31</size>
         <input_file_ref idref="fl-21"/>
      </object_component>
      <object_component id="oc-4d">
         <name>.cinit</name>
         <load_address>0x3f8dbd</load_address>
         <run_address>0x3f8dbd</run_address>
         <size>0x2a</size>
         <input_file_ref idref="fl-1e"/>
      </object_component>
      <object_component id="oc-22">
         <name>.cinit</name>
         <load_address>0x3f8de7</load_address>
         <run_address>0x3f8de7</run_address>
         <size>0xe</size>
         <input_file_ref idref="fl-16"/>
      </object_component>
      <object_component id="oc-cc">
         <name>.cinit:__lock</name>
         <load_address>0x3f8df5</load_address>
         <run_address>0x3f8df5</run_address>
         <size>0x5</size>
         <input_file_ref idref="fl-1b"/>
      </object_component>
      <object_component id="oc-cf">
         <name>.cinit:__unlock</name>
         <load_address>0x3f8dfa</load_address>
         <run_address>0x3f8dfa</run_address>
         <size>0x5</size>
         <input_file_ref idref="fl-1b"/>
      </object_component>
      <object_component id="oc-ab">
         <name>.cinit</name>
         <load_address>0x3f8dff</load_address>
         <run_address>0x3f8dff</run_address>
         <size>0x4</size>
         <input_file_ref idref="fl-30"/>
      </object_component>
      <object_component id="oc-b2">
         <name>.cinit</name>
         <load_address>0x3f8e03</load_address>
         <run_address>0x3f8e03</run_address>
         <size>0x4</size>
         <input_file_ref idref="fl-31"/>
      </object_component>
      <object_component id="oc-17">
         <name>.reset</name>
         <load_address>0x3fffc0</load_address>
         <run_address>0x3fffc0</run_address>
         <size>0x2</size>
         <input_file_ref idref="fl-14"/>
      </object_component>
      <object_component id="oc-16">
         <name>.stack</name>
         <uninitialized>true</uninitialized>
         <run_address>0x400</run_address>
         <size>0x0</size>
         <input_file_ref idref="fl-14"/>
      </object_component>
      <object_component id="oc-100">
         <name>.stack</name>
         <uninitialized>true</uninitialized>
         <run_address>0x400</run_address>
         <size>0x0</size>
      </object_component>
      <object_component id="oc-23">
         <name>.ebss</name>
         <uninitialized>true</uninitialized>
         <run_address>0x3f9570</run_address>
         <size>0x6</size>
         <input_file_ref idref="fl-16"/>
      </object_component>
      <object_component id="oc-ce">
         <name>.ebss:__unlock</name>
         <uninitialized>true</uninitialized>
         <run_address>0x3f9578</run_address>
         <size>0x2</size>
         <input_file_ref idref="fl-1b"/>
      </object_component>
      <object_component id="oc-cb">
         <name>.ebss:__lock</name>
         <uninitialized>true</uninitialized>
         <run_address>0x3f9576</run_address>
         <size>0x2</size>
         <input_file_ref idref="fl-1b"/>
      </object_component>
      <object_component id="oc-4e">
         <name>.ebss</name>
         <uninitialized>true</uninitialized>
         <run_address>0x3f9400</run_address>
         <size>0x160</size>
         <input_file_ref idref="fl-1e"/>
      </object_component>
      <object_component id="oc-5d">
         <name>.ebss</name>
         <uninitialized>true</uninitialized>
         <run_address>0x3f9580</run_address>
         <size>0x88</size>
         <input_file_ref idref="fl-21"/>
      </object_component>
      <object_component id="oc-8b">
         <name>.ebss</name>
         <uninitialized>true</uninitialized>
         <run_address>0x3f9568</run_address>
         <size>0x8</size>
         <input_file_ref idref="fl-2a"/>
      </object_component>
      <object_component id="oc-ac">
         <name>.ebss</name>
         <uninitialized>true</uninitialized>
         <run_address>0x3f957a</run_address>
         <size>0x1</size>
         <input_file_ref idref="fl-30"/>
      </object_component>
      <object_component id="oc-b4">
         <name>.ebss</name>
         <uninitialized>true</uninitialized>
         <run_address>0x3f9560</run_address>
         <size>0x8</size>
         <input_file_ref idref="fl-31"/>
      </object_component>
      <object_component id="oc-11">
         <name>.econst:.string</name>
         <load_address>0x3f9608</load_address>
         <run_address>0x3f9608</run_address>
         <size>0x21</size>
         <input_file_ref idref="fl-2"/>
      </object_component>
      <object_component id="oc-42">
         <name>.econst:.string</name>
         <load_address>0x3f962a</load_address>
         <run_address>0x3f962a</run_address>
         <size>0x14</size>
         <input_file_ref idref="fl-1c"/>
      </object_component>
      <object_component id="oc-56">
         <name>.econst:.string</name>
         <load_address>0x3f963e</load_address>
         <run_address>0x3f963e</run_address>
         <size>0x2</size>
         <input_file_ref idref="fl-20"/>
      </object_component>
      <object_component id="oc-b3">
         <name>.esysmem</name>
         <uninitialized>true</uninitialized>
         <run_address>0x3f9000</run_address>
         <size>0x1</size>
         <input_file_ref idref="fl-31"/>
      </object_component>
      <object_component id="oc-101">
         <name>.esysmem</name>
         <uninitialized>true</uninitialized>
         <run_address>0x3f9000</run_address>
         <size>0x0</size>
      </object_component>
      <object_component id="oc-10">
         <name>.debug_info</name>
         <load_address>0x0</load_address>
         <run_address>0x0</run_address>
         <size>0x322</size>
         <input_file_ref idref="fl-2"/>
      </object_component>
      <object_component id="oc-18">
         <name>.debug_info</name>
         <load_address>0x322</load_address>
         <run_address>0x322</run_address>
         <size>0x16b</size>
         <input_file_ref idref="fl-14"/>
      </object_component>
      <object_component id="oc-1c">
         <name>.debug_info</name>
         <load_address>0x48d</load_address>
         <run_address>0x48d</run_address>
         <size>0x50f</size>
         <input_file_ref idref="fl-15"/>
      </object_component>
      <object_component id="oc-21">
         <name>.debug_info</name>
         <load_address>0x99c</load_address>
         <run_address>0x99c</run_address>
         <size>0x4f9</size>
         <input_file_ref idref="fl-16"/>
      </object_component>
      <object_component id="oc-28">
         <name>.debug_info</name>
         <load_address>0xe95</load_address>
         <run_address>0xe95</run_address>
         <size>0x3bd</size>
         <input_file_ref idref="fl-17"/>
      </object_component>
      <object_component id="oc-2d">
         <name>.debug_info</name>
         <load_address>0x1252</load_address>
         <run_address>0x1252</run_address>
         <size>0x330</size>
         <input_file_ref idref="fl-18"/>
      </object_component>
      <object_component id="oc-32">
         <name>.debug_info</name>
         <load_address>0x1582</load_address>
         <run_address>0x1582</run_address>
         <size>0x644</size>
         <input_file_ref idref="fl-19"/>
      </object_component>
      <object_component id="oc-37">
         <name>.debug_info</name>
         <load_address>0x1bc6</load_address>
         <run_address>0x1bc6</run_address>
         <size>0x32d</size>
         <input_file_ref idref="fl-1a"/>
      </object_component>
      <object_component id="oc-3c">
         <name>.debug_info</name>
         <load_address>0x1ef3</load_address>
         <run_address>0x1ef3</run_address>
         <size>0x44f</size>
         <input_file_ref idref="fl-1b"/>
      </object_component>
      <object_component id="oc-41">
         <name>.debug_info</name>
         <load_address>0x2342</load_address>
         <run_address>0x2342</run_address>
         <size>0xb6b</size>
         <input_file_ref idref="fl-1c"/>
      </object_component>
      <object_component id="oc-47">
         <name>.debug_info</name>
         <load_address>0x2ead</load_address>
         <run_address>0x2ead</run_address>
         <size>0x41c</size>
         <input_file_ref idref="fl-1d"/>
      </object_component>
      <object_component id="oc-4c">
         <name>.debug_info</name>
         <load_address>0x32c9</load_address>
         <run_address>0x32c9</run_address>
         <size>0x2cf</size>
         <input_file_ref idref="fl-1e"/>
      </object_component>
      <object_component id="oc-50">
         <name>.debug_info</name>
         <load_address>0x3598</load_address>
         <run_address>0x3598</run_address>
         <size>0x5bc</size>
         <input_file_ref idref="fl-1f"/>
      </object_component>
      <object_component id="oc-55">
         <name>.debug_info</name>
         <load_address>0x3b54</load_address>
         <run_address>0x3b54</run_address>
         <size>0x7b2</size>
         <input_file_ref idref="fl-20"/>
      </object_component>
      <object_component id="oc-5b">
         <name>.debug_info</name>
         <load_address>0x4306</load_address>
         <run_address>0x4306</run_address>
         <size>0x1294</size>
         <input_file_ref idref="fl-21"/>
      </object_component>
      <object_component id="oc-62">
         <name>.debug_info</name>
         <load_address>0x559a</load_address>
         <run_address>0x559a</run_address>
         <size>0x3bb</size>
         <input_file_ref idref="fl-22"/>
      </object_component>
      <object_component id="oc-67">
         <name>.debug_info</name>
         <load_address>0x5955</load_address>
         <run_address>0x5955</run_address>
         <size>0x449</size>
         <input_file_ref idref="fl-23"/>
      </object_component>
      <object_component id="oc-6c">
         <name>.debug_info</name>
         <load_address>0x5d9e</load_address>
         <run_address>0x5d9e</run_address>
         <size>0x475</size>
         <input_file_ref idref="fl-24"/>
      </object_component>
      <object_component id="oc-71">
         <name>.debug_info</name>
         <load_address>0x6213</load_address>
         <run_address>0x6213</run_address>
         <size>0x464</size>
         <input_file_ref idref="fl-25"/>
      </object_component>
      <object_component id="oc-76">
         <name>.debug_info</name>
         <load_address>0x6677</load_address>
         <run_address>0x6677</run_address>
         <size>0x454</size>
         <input_file_ref idref="fl-26"/>
      </object_component>
      <object_component id="oc-7b">
         <name>.debug_info</name>
         <load_address>0x6acb</load_address>
         <run_address>0x6acb</run_address>
         <size>0x43e</size>
         <input_file_ref idref="fl-27"/>
      </object_component>
      <object_component id="oc-80">
         <name>.debug_info</name>
         <load_address>0x6f09</load_address>
         <run_address>0x6f09</run_address>
         <size>0x41d</size>
         <input_file_ref idref="fl-28"/>
      </object_component>
      <object_component id="oc-85">
         <name>.debug_info</name>
         <load_address>0x7326</load_address>
         <run_address>0x7326</run_address>
         <size>0x467</size>
         <input_file_ref idref="fl-29"/>
      </object_component>
      <object_component id="oc-8a">
         <name>.debug_info</name>
         <load_address>0x778d</load_address>
         <run_address>0x778d</run_address>
         <size>0xf2f</size>
         <input_file_ref idref="fl-2a"/>
      </object_component>
      <object_component id="oc-90">
         <name>.debug_info</name>
         <load_address>0x86bc</load_address>
         <run_address>0x86bc</run_address>
         <size>0x513</size>
         <input_file_ref idref="fl-2b"/>
      </object_component>
      <object_component id="oc-96">
         <name>.debug_info</name>
         <load_address>0x8bcf</load_address>
         <run_address>0x8bcf</run_address>
         <size>0x527</size>
         <input_file_ref idref="fl-2c"/>
      </object_component>
      <object_component id="oc-9b">
         <name>.debug_info</name>
         <load_address>0x90f6</load_address>
         <run_address>0x90f6</run_address>
         <size>0x59e</size>
         <input_file_ref idref="fl-2d"/>
      </object_component>
      <object_component id="oc-a0">
         <name>.debug_info</name>
         <load_address>0x9694</load_address>
         <run_address>0x9694</run_address>
         <size>0x511</size>
         <input_file_ref idref="fl-2e"/>
      </object_component>
      <object_component id="oc-a5">
         <name>.debug_info</name>
         <load_address>0x9ba5</load_address>
         <run_address>0x9ba5</run_address>
         <size>0x56b</size>
         <input_file_ref idref="fl-2f"/>
      </object_component>
      <object_component id="oc-aa">
         <name>.debug_info</name>
         <load_address>0xa110</load_address>
         <run_address>0xa110</run_address>
         <size>0x82e</size>
         <input_file_ref idref="fl-30"/>
      </object_component>
      <object_component id="oc-b1">
         <name>.debug_info</name>
         <load_address>0xa93e</load_address>
         <run_address>0xa93e</run_address>
         <size>0xa6d</size>
         <input_file_ref idref="fl-31"/>
      </object_component>
      <object_component id="oc-b9">
         <name>.debug_info</name>
         <load_address>0xb3ab</load_address>
         <run_address>0xb3ab</run_address>
         <size>0x63a</size>
         <input_file_ref idref="fl-32"/>
      </object_component>
      <object_component id="oc-be">
         <name>.debug_info</name>
         <load_address>0xb9e5</load_address>
         <run_address>0xb9e5</run_address>
         <size>0x368</size>
         <input_file_ref idref="fl-33"/>
      </object_component>
      <object_component id="oc-102">
         <name>.debug_info</name>
         <load_address>0xbd4d</load_address>
         <run_address>0xbd4d</run_address>
         <size>0x9b</size>
      </object_component>
      <object_component id="oc-12">
         <name>.debug_frame</name>
         <load_address>0x0</load_address>
         <run_address>0x0</run_address>
         <size>0x39</size>
         <input_file_ref idref="fl-2"/>
      </object_component>
      <object_component id="oc-1d">
         <name>.debug_frame</name>
         <load_address>0x39</load_address>
         <run_address>0x39</run_address>
         <size>0x54</size>
         <input_file_ref idref="fl-15"/>
      </object_component>
      <object_component id="oc-24">
         <name>.debug_frame</name>
         <load_address>0x8d</load_address>
         <run_address>0x8d</run_address>
         <size>0x51</size>
         <input_file_ref idref="fl-16"/>
      </object_component>
      <object_component id="oc-29">
         <name>.debug_frame</name>
         <load_address>0xde</load_address>
         <run_address>0xde</run_address>
         <size>0x33</size>
         <input_file_ref idref="fl-17"/>
      </object_component>
      <object_component id="oc-2e">
         <name>.debug_frame</name>
         <load_address>0x111</load_address>
         <run_address>0x111</run_address>
         <size>0x33</size>
         <input_file_ref idref="fl-18"/>
      </object_component>
      <object_component id="oc-33">
         <name>.debug_frame</name>
         <load_address>0x144</load_address>
         <run_address>0x144</run_address>
         <size>0x6c</size>
         <input_file_ref idref="fl-19"/>
      </object_component>
      <object_component id="oc-38">
         <name>.debug_frame</name>
         <load_address>0x1b0</load_address>
         <run_address>0x1b0</run_address>
         <size>0x33</size>
         <input_file_ref idref="fl-1a"/>
      </object_component>
      <object_component id="oc-3d">
         <name>.debug_frame</name>
         <load_address>0x1e3</load_address>
         <run_address>0x1e3</run_address>
         <size>0x5d</size>
         <input_file_ref idref="fl-1b"/>
      </object_component>
      <object_component id="oc-43">
         <name>.debug_frame</name>
         <load_address>0x240</load_address>
         <run_address>0x240</run_address>
         <size>0xe1</size>
         <input_file_ref idref="fl-1c"/>
      </object_component>
      <object_component id="oc-48">
         <name>.debug_frame</name>
         <load_address>0x321</load_address>
         <run_address>0x321</run_address>
         <size>0x33</size>
         <input_file_ref idref="fl-1d"/>
      </object_component>
      <object_component id="oc-51">
         <name>.debug_frame</name>
         <load_address>0x354</load_address>
         <run_address>0x354</run_address>
         <size>0x61</size>
         <input_file_ref idref="fl-1f"/>
      </object_component>
      <object_component id="oc-57">
         <name>.debug_frame</name>
         <load_address>0x3b5</load_address>
         <run_address>0x3b5</run_address>
         <size>0x7c</size>
         <input_file_ref idref="fl-20"/>
      </object_component>
      <object_component id="oc-5e">
         <name>.debug_frame</name>
         <load_address>0x431</load_address>
         <run_address>0x431</run_address>
         <size>0x1ca</size>
         <input_file_ref idref="fl-21"/>
      </object_component>
      <object_component id="oc-63">
         <name>.debug_frame</name>
         <load_address>0x5fb</load_address>
         <run_address>0x5fb</run_address>
         <size>0x33</size>
         <input_file_ref idref="fl-22"/>
      </object_component>
      <object_component id="oc-68">
         <name>.debug_frame</name>
         <load_address>0x62e</load_address>
         <run_address>0x62e</run_address>
         <size>0x33</size>
         <input_file_ref idref="fl-23"/>
      </object_component>
      <object_component id="oc-6d">
         <name>.debug_frame</name>
         <load_address>0x661</load_address>
         <run_address>0x661</run_address>
         <size>0x33</size>
         <input_file_ref idref="fl-24"/>
      </object_component>
      <object_component id="oc-72">
         <name>.debug_frame</name>
         <load_address>0x694</load_address>
         <run_address>0x694</run_address>
         <size>0x37</size>
         <input_file_ref idref="fl-25"/>
      </object_component>
      <object_component id="oc-77">
         <name>.debug_frame</name>
         <load_address>0x6cb</load_address>
         <run_address>0x6cb</run_address>
         <size>0x33</size>
         <input_file_ref idref="fl-26"/>
      </object_component>
      <object_component id="oc-7c">
         <name>.debug_frame</name>
         <load_address>0x6fe</load_address>
         <run_address>0x6fe</run_address>
         <size>0x33</size>
         <input_file_ref idref="fl-27"/>
      </object_component>
      <object_component id="oc-81">
         <name>.debug_frame</name>
         <load_address>0x731</load_address>
         <run_address>0x731</run_address>
         <size>0x33</size>
         <input_file_ref idref="fl-28"/>
      </object_component>
      <object_component id="oc-86">
         <name>.debug_frame</name>
         <load_address>0x764</load_address>
         <run_address>0x764</run_address>
         <size>0x33</size>
         <input_file_ref idref="fl-29"/>
      </object_component>
      <object_component id="oc-8c">
         <name>.debug_frame</name>
         <load_address>0x797</load_address>
         <run_address>0x797</run_address>
         <size>0x205</size>
         <input_file_ref idref="fl-2a"/>
      </object_component>
      <object_component id="oc-92">
         <name>.debug_frame</name>
         <load_address>0x99c</load_address>
         <run_address>0x99c</run_address>
         <size>0x6d</size>
         <input_file_ref idref="fl-2b"/>
      </object_component>
      <object_component id="oc-97">
         <name>.debug_frame</name>
         <load_address>0xa09</load_address>
         <run_address>0xa09</run_address>
         <size>0x5d</size>
         <input_file_ref idref="fl-2c"/>
      </object_component>
      <object_component id="oc-9c">
         <name>.debug_frame</name>
         <load_address>0xa66</load_address>
         <run_address>0xa66</run_address>
         <size>0x6c</size>
         <input_file_ref idref="fl-2d"/>
      </object_component>
      <object_component id="oc-a1">
         <name>.debug_frame</name>
         <load_address>0xad2</load_address>
         <run_address>0xad2</run_address>
         <size>0x4e</size>
         <input_file_ref idref="fl-2e"/>
      </object_component>
      <object_component id="oc-a6">
         <name>.debug_frame</name>
         <load_address>0xb20</load_address>
         <run_address>0xb20</run_address>
         <size>0x55</size>
         <input_file_ref idref="fl-2f"/>
      </object_component>
      <object_component id="oc-ad">
         <name>.debug_frame</name>
         <load_address>0xb75</load_address>
         <run_address>0xb75</run_address>
         <size>0xc7</size>
         <input_file_ref idref="fl-30"/>
      </object_component>
      <object_component id="oc-b5">
         <name>.debug_frame</name>
         <load_address>0xc3c</load_address>
         <run_address>0xc3c</run_address>
         <size>0x120</size>
         <input_file_ref idref="fl-31"/>
      </object_component>
      <object_component id="oc-ba">
         <name>.debug_frame</name>
         <load_address>0xd5c</load_address>
         <run_address>0xd5c</run_address>
         <size>0x72</size>
         <input_file_ref idref="fl-32"/>
      </object_component>
      <object_component id="oc-bf">
         <name>.debug_frame</name>
         <load_address>0xdce</load_address>
         <run_address>0xdce</run_address>
         <size>0x33</size>
         <input_file_ref idref="fl-33"/>
      </object_component>
      <object_component id="oc-13">
         <name>.debug_line</name>
         <load_address>0x0</load_address>
         <run_address>0x0</run_address>
         <size>0x43</size>
         <input_file_ref idref="fl-2"/>
      </object_component>
      <object_component id="oc-19">
         <name>.debug_line</name>
         <load_address>0x43</load_address>
         <run_address>0x43</run_address>
         <size>0x7d</size>
         <input_file_ref idref="fl-14"/>
      </object_component>
      <object_component id="oc-1e">
         <name>.debug_line</name>
         <load_address>0xc0</load_address>
         <run_address>0xc0</run_address>
         <size>0x50</size>
         <input_file_ref idref="fl-15"/>
      </object_component>
      <object_component id="oc-25">
         <name>.debug_line</name>
         <load_address>0x110</load_address>
         <run_address>0x110</run_address>
         <size>0x65</size>
         <input_file_ref idref="fl-16"/>
      </object_component>
      <object_component id="oc-2a">
         <name>.debug_line</name>
         <load_address>0x175</load_address>
         <run_address>0x175</run_address>
         <size>0x62</size>
         <input_file_ref idref="fl-17"/>
      </object_component>
      <object_component id="oc-2f">
         <name>.debug_line</name>
         <load_address>0x1d7</load_address>
         <run_address>0x1d7</run_address>
         <size>0x3e</size>
         <input_file_ref idref="fl-18"/>
      </object_component>
      <object_component id="oc-34">
         <name>.debug_line</name>
         <load_address>0x215</load_address>
         <run_address>0x215</run_address>
         <size>0x75</size>
         <input_file_ref idref="fl-19"/>
      </object_component>
      <object_component id="oc-39">
         <name>.debug_line</name>
         <load_address>0x28a</load_address>
         <run_address>0x28a</run_address>
         <size>0x3a</size>
         <input_file_ref idref="fl-1a"/>
      </object_component>
      <object_component id="oc-3e">
         <name>.debug_line</name>
         <load_address>0x2c4</load_address>
         <run_address>0x2c4</run_address>
         <size>0x5e</size>
         <input_file_ref idref="fl-1b"/>
      </object_component>
      <object_component id="oc-44">
         <name>.debug_line</name>
         <load_address>0x322</load_address>
         <run_address>0x322</run_address>
         <size>0x241</size>
         <input_file_ref idref="fl-1c"/>
      </object_component>
      <object_component id="oc-49">
         <name>.debug_line</name>
         <load_address>0x563</load_address>
         <run_address>0x563</run_address>
         <size>0x55</size>
         <input_file_ref idref="fl-1d"/>
      </object_component>
      <object_component id="oc-52">
         <name>.debug_line</name>
         <load_address>0x5b8</load_address>
         <run_address>0x5b8</run_address>
         <size>0x7a</size>
         <input_file_ref idref="fl-1f"/>
      </object_component>
      <object_component id="oc-58">
         <name>.debug_line</name>
         <load_address>0x632</load_address>
         <run_address>0x632</run_address>
         <size>0xc9</size>
         <input_file_ref idref="fl-20"/>
      </object_component>
      <object_component id="oc-5f">
         <name>.debug_line</name>
         <load_address>0x6fb</load_address>
         <run_address>0x6fb</run_address>
         <size>0x26f</size>
         <input_file_ref idref="fl-21"/>
      </object_component>
      <object_component id="oc-64">
         <name>.debug_line</name>
         <load_address>0x96a</load_address>
         <run_address>0x96a</run_address>
         <size>0x48</size>
         <input_file_ref idref="fl-22"/>
      </object_component>
      <object_component id="oc-69">
         <name>.debug_line</name>
         <load_address>0x9b2</load_address>
         <run_address>0x9b2</run_address>
         <size>0xac</size>
         <input_file_ref idref="fl-23"/>
      </object_component>
      <object_component id="oc-6e">
         <name>.debug_line</name>
         <load_address>0xa5e</load_address>
         <run_address>0xa5e</run_address>
         <size>0xa9</size>
         <input_file_ref idref="fl-24"/>
      </object_component>
      <object_component id="oc-73">
         <name>.debug_line</name>
         <load_address>0xb07</load_address>
         <run_address>0xb07</run_address>
         <size>0xa7</size>
         <input_file_ref idref="fl-25"/>
      </object_component>
      <object_component id="oc-78">
         <name>.debug_line</name>
         <load_address>0xbae</load_address>
         <run_address>0xbae</run_address>
         <size>0xa7</size>
         <input_file_ref idref="fl-26"/>
      </object_component>
      <object_component id="oc-7d">
         <name>.debug_line</name>
         <load_address>0xc55</load_address>
         <run_address>0xc55</run_address>
         <size>0xa0</size>
         <input_file_ref idref="fl-27"/>
      </object_component>
      <object_component id="oc-82">
         <name>.debug_line</name>
         <load_address>0xcf5</load_address>
         <run_address>0xcf5</run_address>
         <size>0xa7</size>
         <input_file_ref idref="fl-28"/>
      </object_component>
      <object_component id="oc-87">
         <name>.debug_line</name>
         <load_address>0xd9c</load_address>
         <run_address>0xd9c</run_address>
         <size>0xb6</size>
         <input_file_ref idref="fl-29"/>
      </object_component>
      <object_component id="oc-8d">
         <name>.debug_line</name>
         <load_address>0xe52</load_address>
         <run_address>0xe52</run_address>
         <size>0x1d3</size>
         <input_file_ref idref="fl-2a"/>
      </object_component>
      <object_component id="oc-93">
         <name>.debug_line</name>
         <load_address>0x1025</load_address>
         <run_address>0x1025</run_address>
         <size>0xa4</size>
         <input_file_ref idref="fl-2b"/>
      </object_component>
      <object_component id="oc-98">
         <name>.debug_line</name>
         <load_address>0x10c9</load_address>
         <run_address>0x10c9</run_address>
         <size>0x99</size>
         <input_file_ref idref="fl-2c"/>
      </object_component>
      <object_component id="oc-9d">
         <name>.debug_line</name>
         <load_address>0x1162</load_address>
         <run_address>0x1162</run_address>
         <size>0xa4</size>
         <input_file_ref idref="fl-2d"/>
      </object_component>
      <object_component id="oc-a2">
         <name>.debug_line</name>
         <load_address>0x1206</load_address>
         <run_address>0x1206</run_address>
         <size>0x57</size>
         <input_file_ref idref="fl-2e"/>
      </object_component>
      <object_component id="oc-a7">
         <name>.debug_line</name>
         <load_address>0x125d</load_address>
         <run_address>0x125d</run_address>
         <size>0x98</size>
         <input_file_ref idref="fl-2f"/>
      </object_component>
      <object_component id="oc-ae">
         <name>.debug_line</name>
         <load_address>0x12f5</load_address>
         <run_address>0x12f5</run_address>
         <size>0x138</size>
         <input_file_ref idref="fl-30"/>
      </object_component>
      <object_component id="oc-b6">
         <name>.debug_line</name>
         <load_address>0x142d</load_address>
         <run_address>0x142d</run_address>
         <size>0x2b3</size>
         <input_file_ref idref="fl-31"/>
      </object_component>
      <object_component id="oc-bb">
         <name>.debug_line</name>
         <load_address>0x16e0</load_address>
         <run_address>0x16e0</run_address>
         <size>0x90</size>
         <input_file_ref idref="fl-32"/>
      </object_component>
      <object_component id="oc-c0">
         <name>.debug_line</name>
         <load_address>0x1770</load_address>
         <run_address>0x1770</run_address>
         <size>0x3c</size>
         <input_file_ref idref="fl-33"/>
      </object_component>
      <object_component id="oc-14">
         <name>.debug_abbrev</name>
         <load_address>0x0</load_address>
         <run_address>0x0</run_address>
         <size>0xaa</size>
         <input_file_ref idref="fl-2"/>
      </object_component>
      <object_component id="oc-1a">
         <name>.debug_abbrev</name>
         <load_address>0xaa</load_address>
         <run_address>0xaa</run_address>
         <size>0x46</size>
         <input_file_ref idref="fl-14"/>
      </object_component>
      <object_component id="oc-1f">
         <name>.debug_abbrev</name>
         <load_address>0xf0</load_address>
         <run_address>0xf0</run_address>
         <size>0xfc</size>
         <input_file_ref idref="fl-15"/>
      </object_component>
      <object_component id="oc-26">
         <name>.debug_abbrev</name>
         <load_address>0x1ec</load_address>
         <run_address>0x1ec</run_address>
         <size>0x142</size>
         <input_file_ref idref="fl-16"/>
      </object_component>
      <object_component id="oc-2b">
         <name>.debug_abbrev</name>
         <load_address>0x32e</load_address>
         <run_address>0x32e</run_address>
         <size>0xa8</size>
         <input_file_ref idref="fl-17"/>
      </object_component>
      <object_component id="oc-30">
         <name>.debug_abbrev</name>
         <load_address>0x3d6</load_address>
         <run_address>0x3d6</run_address>
         <size>0x68</size>
         <input_file_ref idref="fl-18"/>
      </object_component>
      <object_component id="oc-35">
         <name>.debug_abbrev</name>
         <load_address>0x43e</load_address>
         <run_address>0x43e</run_address>
         <size>0x15c</size>
         <input_file_ref idref="fl-19"/>
      </object_component>
      <object_component id="oc-3a">
         <name>.debug_abbrev</name>
         <load_address>0x59a</load_address>
         <run_address>0x59a</run_address>
         <size>0x66</size>
         <input_file_ref idref="fl-1a"/>
      </object_component>
      <object_component id="oc-3f">
         <name>.debug_abbrev</name>
         <load_address>0x600</load_address>
         <run_address>0x600</run_address>
         <size>0xb2</size>
         <input_file_ref idref="fl-1b"/>
      </object_component>
      <object_component id="oc-45">
         <name>.debug_abbrev</name>
         <load_address>0x6b2</load_address>
         <run_address>0x6b2</run_address>
         <size>0x168</size>
         <input_file_ref idref="fl-1c"/>
      </object_component>
      <object_component id="oc-4a">
         <name>.debug_abbrev</name>
         <load_address>0x81a</load_address>
         <run_address>0x81a</run_address>
         <size>0xfe</size>
         <input_file_ref idref="fl-1d"/>
      </object_component>
      <object_component id="oc-4f">
         <name>.debug_abbrev</name>
         <load_address>0x918</load_address>
         <run_address>0x918</run_address>
         <size>0x74</size>
         <input_file_ref idref="fl-1e"/>
      </object_component>
      <object_component id="oc-53">
         <name>.debug_abbrev</name>
         <load_address>0x98c</load_address>
         <run_address>0x98c</run_address>
         <size>0x122</size>
         <input_file_ref idref="fl-1f"/>
      </object_component>
      <object_component id="oc-59">
         <name>.debug_abbrev</name>
         <load_address>0xaae</load_address>
         <run_address>0xaae</run_address>
         <size>0x122</size>
         <input_file_ref idref="fl-20"/>
      </object_component>
      <object_component id="oc-60">
         <name>.debug_abbrev</name>
         <load_address>0xbd0</load_address>
         <run_address>0xbd0</run_address>
         <size>0x1ba</size>
         <input_file_ref idref="fl-21"/>
      </object_component>
      <object_component id="oc-65">
         <name>.debug_abbrev</name>
         <load_address>0xd8a</load_address>
         <run_address>0xd8a</run_address>
         <size>0x9d</size>
         <input_file_ref idref="fl-22"/>
      </object_component>
      <object_component id="oc-6a">
         <name>.debug_abbrev</name>
         <load_address>0xe27</load_address>
         <run_address>0xe27</run_address>
         <size>0xa8</size>
         <input_file_ref idref="fl-23"/>
      </object_component>
      <object_component id="oc-6f">
         <name>.debug_abbrev</name>
         <load_address>0xecf</load_address>
         <run_address>0xecf</run_address>
         <size>0xa8</size>
         <input_file_ref idref="fl-24"/>
      </object_component>
      <object_component id="oc-74">
         <name>.debug_abbrev</name>
         <load_address>0xf77</load_address>
         <run_address>0xf77</run_address>
         <size>0x9d</size>
         <input_file_ref idref="fl-25"/>
      </object_component>
      <object_component id="oc-79">
         <name>.debug_abbrev</name>
         <load_address>0x1014</load_address>
         <run_address>0x1014</run_address>
         <size>0x9d</size>
         <input_file_ref idref="fl-26"/>
      </object_component>
      <object_component id="oc-7e">
         <name>.debug_abbrev</name>
         <load_address>0x10b1</load_address>
         <run_address>0x10b1</run_address>
         <size>0x9d</size>
         <input_file_ref idref="fl-27"/>
      </object_component>
      <object_component id="oc-83">
         <name>.debug_abbrev</name>
         <load_address>0x114e</load_address>
         <run_address>0x114e</run_address>
         <size>0xa8</size>
         <input_file_ref idref="fl-28"/>
      </object_component>
      <object_component id="oc-88">
         <name>.debug_abbrev</name>
         <load_address>0x11f6</load_address>
         <run_address>0x11f6</run_address>
         <size>0xa8</size>
         <input_file_ref idref="fl-29"/>
      </object_component>
      <object_component id="oc-8e">
         <name>.debug_abbrev</name>
         <load_address>0x129e</load_address>
         <run_address>0x129e</run_address>
         <size>0x171</size>
         <input_file_ref idref="fl-2a"/>
      </object_component>
      <object_component id="oc-94">
         <name>.debug_abbrev</name>
         <load_address>0x140f</load_address>
         <run_address>0x140f</run_address>
         <size>0xc6</size>
         <input_file_ref idref="fl-2b"/>
      </object_component>
      <object_component id="oc-99">
         <name>.debug_abbrev</name>
         <load_address>0x14d5</load_address>
         <run_address>0x14d5</run_address>
         <size>0xe8</size>
         <input_file_ref idref="fl-2c"/>
      </object_component>
      <object_component id="oc-9e">
         <name>.debug_abbrev</name>
         <load_address>0x15bd</load_address>
         <run_address>0x15bd</run_address>
         <size>0x122</size>
         <input_file_ref idref="fl-2d"/>
      </object_component>
      <object_component id="oc-a3">
         <name>.debug_abbrev</name>
         <load_address>0x16df</load_address>
         <run_address>0x16df</run_address>
         <size>0x10e</size>
         <input_file_ref idref="fl-2e"/>
      </object_component>
      <object_component id="oc-a8">
         <name>.debug_abbrev</name>
         <load_address>0x17ed</load_address>
         <run_address>0x17ed</run_address>
         <size>0x12c</size>
         <input_file_ref idref="fl-2f"/>
      </object_component>
      <object_component id="oc-af">
         <name>.debug_abbrev</name>
         <load_address>0x1919</load_address>
         <run_address>0x1919</run_address>
         <size>0x176</size>
         <input_file_ref idref="fl-30"/>
      </object_component>
      <object_component id="oc-b7">
         <name>.debug_abbrev</name>
         <load_address>0x1a8f</load_address>
         <run_address>0x1a8f</run_address>
         <size>0x1b4</size>
         <input_file_ref idref="fl-31"/>
      </object_component>
      <object_component id="oc-bc">
         <name>.debug_abbrev</name>
         <load_address>0x1c43</load_address>
         <run_address>0x1c43</run_address>
         <size>0x132</size>
         <input_file_ref idref="fl-32"/>
      </object_component>
      <object_component id="oc-c1">
         <name>.debug_abbrev</name>
         <load_address>0x1d75</load_address>
         <run_address>0x1d75</run_address>
         <size>0xb6</size>
         <input_file_ref idref="fl-33"/>
      </object_component>
      <object_component id="oc-103">
         <name>.debug_abbrev</name>
         <load_address>0x1e2b</load_address>
         <run_address>0x1e2b</run_address>
         <size>0xf</size>
      </object_component>
      <object_component id="oc-15">
         <name>.debug_aranges</name>
         <load_address>0x0</load_address>
         <run_address>0x0</run_address>
         <size>0x20</size>
         <input_file_ref idref="fl-2"/>
      </object_component>
      <object_component id="oc-1b">
         <name>.debug_aranges</name>
         <load_address>0x20</load_address>
         <run_address>0x20</run_address>
         <size>0x20</size>
         <input_file_ref idref="fl-14"/>
      </object_component>
      <object_component id="oc-20">
         <name>.debug_aranges</name>
         <load_address>0x40</load_address>
         <run_address>0x40</run_address>
         <size>0x20</size>
         <input_file_ref idref="fl-15"/>
      </object_component>
      <object_component id="oc-27">
         <name>.debug_aranges</name>
         <load_address>0x60</load_address>
         <run_address>0x60</run_address>
         <size>0x28</size>
         <input_file_ref idref="fl-16"/>
      </object_component>
      <object_component id="oc-2c">
         <name>.debug_aranges</name>
         <load_address>0x88</load_address>
         <run_address>0x88</run_address>
         <size>0x20</size>
         <input_file_ref idref="fl-17"/>
      </object_component>
      <object_component id="oc-31">
         <name>.debug_aranges</name>
         <load_address>0xa8</load_address>
         <run_address>0xa8</run_address>
         <size>0x20</size>
         <input_file_ref idref="fl-18"/>
      </object_component>
      <object_component id="oc-36">
         <name>.debug_aranges</name>
         <load_address>0xc8</load_address>
         <run_address>0xc8</run_address>
         <size>0x30</size>
         <input_file_ref idref="fl-19"/>
      </object_component>
      <object_component id="oc-3b">
         <name>.debug_aranges</name>
         <load_address>0xf8</load_address>
         <run_address>0xf8</run_address>
         <size>0x20</size>
         <input_file_ref idref="fl-1a"/>
      </object_component>
      <object_component id="oc-40">
         <name>.debug_aranges</name>
         <load_address>0x118</load_address>
         <run_address>0x118</run_address>
         <size>0x30</size>
         <input_file_ref idref="fl-1b"/>
      </object_component>
      <object_component id="oc-46">
         <name>.debug_aranges</name>
         <load_address>0x148</load_address>
         <run_address>0x148</run_address>
         <size>0x38</size>
         <input_file_ref idref="fl-1c"/>
      </object_component>
      <object_component id="oc-4b">
         <name>.debug_aranges</name>
         <load_address>0x180</load_address>
         <run_address>0x180</run_address>
         <size>0x20</size>
         <input_file_ref idref="fl-1d"/>
      </object_component>
      <object_component id="oc-54">
         <name>.debug_aranges</name>
         <load_address>0x1a0</load_address>
         <run_address>0x1a0</run_address>
         <size>0x28</size>
         <input_file_ref idref="fl-1f"/>
      </object_component>
      <object_component id="oc-5a">
         <name>.debug_aranges</name>
         <load_address>0x1c8</load_address>
         <run_address>0x1c8</run_address>
         <size>0x28</size>
         <input_file_ref idref="fl-20"/>
      </object_component>
      <object_component id="oc-61">
         <name>.debug_aranges</name>
         <load_address>0x1f0</load_address>
         <run_address>0x1f0</run_address>
         <size>0x70</size>
         <input_file_ref idref="fl-21"/>
      </object_component>
      <object_component id="oc-66">
         <name>.debug_aranges</name>
         <load_address>0x260</load_address>
         <run_address>0x260</run_address>
         <size>0x20</size>
         <input_file_ref idref="fl-22"/>
      </object_component>
      <object_component id="oc-6b">
         <name>.debug_aranges</name>
         <load_address>0x280</load_address>
         <run_address>0x280</run_address>
         <size>0x20</size>
         <input_file_ref idref="fl-23"/>
      </object_component>
      <object_component id="oc-70">
         <name>.debug_aranges</name>
         <load_address>0x2a0</load_address>
         <run_address>0x2a0</run_address>
         <size>0x20</size>
         <input_file_ref idref="fl-24"/>
      </object_component>
      <object_component id="oc-75">
         <name>.debug_aranges</name>
         <load_address>0x2c0</load_address>
         <run_address>0x2c0</run_address>
         <size>0x20</size>
         <input_file_ref idref="fl-25"/>
      </object_component>
      <object_component id="oc-7a">
         <name>.debug_aranges</name>
         <load_address>0x2e0</load_address>
         <run_address>0x2e0</run_address>
         <size>0x20</size>
         <input_file_ref idref="fl-26"/>
      </object_component>
      <object_component id="oc-7f">
         <name>.debug_aranges</name>
         <load_address>0x300</load_address>
         <run_address>0x300</run_address>
         <size>0x20</size>
         <input_file_ref idref="fl-27"/>
      </object_component>
      <object_component id="oc-84">
         <name>.debug_aranges</name>
         <load_address>0x320</load_address>
         <run_address>0x320</run_address>
         <size>0x20</size>
         <input_file_ref idref="fl-28"/>
      </object_component>
      <object_component id="oc-89">
         <name>.debug_aranges</name>
         <load_address>0x340</load_address>
         <run_address>0x340</run_address>
         <size>0x20</size>
         <input_file_ref idref="fl-29"/>
      </object_component>
      <object_component id="oc-8f">
         <name>.debug_aranges</name>
         <load_address>0x360</load_address>
         <run_address>0x360</run_address>
         <size>0x70</size>
         <input_file_ref idref="fl-2a"/>
      </object_component>
      <object_component id="oc-95">
         <name>.debug_aranges</name>
         <load_address>0x3d0</load_address>
         <run_address>0x3d0</run_address>
         <size>0x28</size>
         <input_file_ref idref="fl-2b"/>
      </object_component>
      <object_component id="oc-9a">
         <name>.debug_aranges</name>
         <load_address>0x3f8</load_address>
         <run_address>0x3f8</run_address>
         <size>0x28</size>
         <input_file_ref idref="fl-2c"/>
      </object_component>
      <object_component id="oc-9f">
         <name>.debug_aranges</name>
         <load_address>0x420</load_address>
         <run_address>0x420</run_address>
         <size>0x28</size>
         <input_file_ref idref="fl-2d"/>
      </object_component>
      <object_component id="oc-a4">
         <name>.debug_aranges</name>
         <load_address>0x448</load_address>
         <run_address>0x448</run_address>
         <size>0x20</size>
         <input_file_ref idref="fl-2e"/>
      </object_component>
      <object_component id="oc-a9">
         <name>.debug_aranges</name>
         <load_address>0x468</load_address>
         <run_address>0x468</run_address>
         <size>0x20</size>
         <input_file_ref idref="fl-2f"/>
      </object_component>
      <object_component id="oc-b0">
         <name>.debug_aranges</name>
         <load_address>0x488</load_address>
         <run_address>0x488</run_address>
         <size>0x38</size>
         <input_file_ref idref="fl-30"/>
      </object_component>
      <object_component id="oc-b8">
         <name>.debug_aranges</name>
         <load_address>0x4c0</load_address>
         <run_address>0x4c0</run_address>
         <size>0x58</size>
         <input_file_ref idref="fl-31"/>
      </object_component>
      <object_component id="oc-bd">
         <name>.debug_aranges</name>
         <load_address>0x518</load_address>
         <run_address>0x518</run_address>
         <size>0x28</size>
         <input_file_ref idref="fl-32"/>
      </object_component>
      <object_component id="oc-c2">
         <name>.debug_aranges</name>
         <load_address>0x540</load_address>
         <run_address>0x540</run_address>
         <size>0x20</size>
         <input_file_ref idref="fl-33"/>
      </object_component>
      <object_component id="oc-91">
         <name>.cio</name>
         <uninitialized>true</uninitialized>
         <run_address>0x3f9640</run_address>
         <size>0x120</size>
         <input_file_ref idref="fl-2b"/>
      </object_component>
   </object_component_list>
   <logical_group_list>
      <logical_group id="lg-2" display="no" color="cyan">
         <name>codestart</name>
         <run_address>0x0</run_address>
         <size>0x0</size>
         <contents>
         </contents>
      </logical_group>
      <logical_group id="lg-3" display="no" color="cyan">
         <name>ramfuncs</name>
         <run_address>0x0</run_address>
         <size>0x0</size>
         <contents>
         </contents>
      </logical_group>
      <logical_group id="lg-4" display="no" color="cyan">
         <name>.TI.ramfunc</name>
         <run_address>0x0</run_address>
         <size>0x0</size>
         <contents>
         </contents>
      </logical_group>
      <logical_group id="lg-5" display="no" color="cyan">
         <name>.text</name>
         <load_address>0x3f8002</load_address>
         <run_address>0x3f8002</run_address>
         <size>0xd8a</size>
         <contents>
            <object_component_ref idref="oc-c8"/>
            <object_component_ref idref="oc-d9"/>
            <object_component_ref idref="oc-e2"/>
            <object_component_ref idref="oc-d6"/>
            <object_component_ref idref="oc-e3"/>
            <object_component_ref idref="oc-d5"/>
            <object_component_ref idref="oc-cd"/>
            <object_component_ref idref="oc-de"/>
            <object_component_ref idref="oc-d8"/>
            <object_component_ref idref="oc-d7"/>
            <object_component_ref idref="oc-e4"/>
            <object_component_ref idref="oc-f"/>
            <object_component_ref idref="oc-d4"/>
            <object_component_ref idref="oc-dd"/>
            <object_component_ref idref="oc-d2"/>
            <object_component_ref idref="oc-c7"/>
            <object_component_ref idref="oc-c4"/>
            <object_component_ref idref="oc-e1"/>
            <object_component_ref idref="oc-c9"/>
            <object_component_ref idref="oc-c6"/>
            <object_component_ref idref="oc-da"/>
            <object_component_ref idref="oc-ca"/>
            <object_component_ref idref="oc-db"/>
            <object_component_ref idref="oc-dc"/>
            <object_component_ref idref="oc-e0"/>
            <object_component_ref idref="oc-df"/>
            <object_component_ref idref="oc-d3"/>
            <object_component_ref idref="oc-d0"/>
            <object_component_ref idref="oc-d1"/>
            <object_component_ref idref="oc-e5"/>
            <object_component_ref idref="oc-c3"/>
            <object_component_ref idref="oc-c5"/>
         </contents>
      </logical_group>
      <logical_group id="lg-6" display="no" color="cyan">
         <name>.cinit</name>
         <load_address>0x3f8d8c</load_address>
         <run_address>0x3f8d8c</run_address>
         <size>0x7d</size>
         <contents>
            <object_component_ref idref="oc-5c"/>
            <object_component_ref idref="oc-4d"/>
            <object_component_ref idref="oc-22"/>
            <object_component_ref idref="oc-cc"/>
            <object_component_ref idref="oc-cf"/>
            <object_component_ref idref="oc-ab"/>
            <object_component_ref idref="oc-b2"/>
         </contents>
      </logical_group>
      <logical_group id="lg-7" display="no" color="cyan">
         <name>.pinit</name>
         <run_address>0x0</run_address>
         <size>0x0</size>
         <contents>
         </contents>
      </logical_group>
      <logical_group id="lg-8" display="no" color="cyan">
         <name>.switch</name>
         <run_address>0x0</run_address>
         <size>0x0</size>
         <contents>
         </contents>
      </logical_group>
      <logical_group id="lg-9" display="no" color="cyan">
         <name>.reset</name>
         <load_address>0x3fffc0</load_address>
         <run_address>0x3fffc0</run_address>
         <size>0x2</size>
         <contents>
            <object_component_ref idref="oc-17"/>
         </contents>
      </logical_group>
      <logical_group id="lg-a" display="no" color="cyan">
         <name>.stack</name>
         <run_address>0x400</run_address>
         <size>0x400</size>
         <contents>
            <object_component_ref idref="oc-16"/>
            <object_component_ref idref="oc-100"/>
         </contents>
      </logical_group>
      <logical_group id="lg-b" display="no" color="cyan">
         <name>.ebss</name>
         <run_address>0x3f9400</run_address>
         <size>0x208</size>
         <contents>
            <object_component_ref idref="oc-23"/>
            <object_component_ref idref="oc-ce"/>
            <object_component_ref idref="oc-cb"/>
            <object_component_ref idref="oc-4e"/>
            <object_component_ref idref="oc-5d"/>
            <object_component_ref idref="oc-8b"/>
            <object_component_ref idref="oc-ac"/>
            <object_component_ref idref="oc-b4"/>
         </contents>
      </logical_group>
      <logical_group id="lg-c" display="no" color="cyan">
         <name>.econst</name>
         <load_address>0x3f9608</load_address>
         <run_address>0x3f9608</run_address>
         <size>0x38</size>
         <contents>
            <object_component_ref idref="oc-11"/>
            <object_component_ref idref="oc-42"/>
            <object_component_ref idref="oc-56"/>
         </contents>
      </logical_group>
      <logical_group id="lg-d" display="no" color="cyan">
         <name>.esysmem</name>
         <run_address>0x3f9000</run_address>
         <size>0x400</size>
         <contents>
            <object_component_ref idref="oc-b3"/>
            <object_component_ref idref="oc-101"/>
         </contents>
      </logical_group>
      <logical_group id="lg-f2" display="never" color="cyan">
         <name>.debug_info</name>
         <load_address>0x0</load_address>
         <run_address>0x0</run_address>
         <size>0xbde8</size>
         <contents>
            <object_component_ref idref="oc-10"/>
            <object_component_ref idref="oc-18"/>
            <object_component_ref idref="oc-1c"/>
            <object_component_ref idref="oc-21"/>
            <object_component_ref idref="oc-28"/>
            <object_component_ref idref="oc-2d"/>
            <object_component_ref idref="oc-32"/>
            <object_component_ref idref="oc-37"/>
            <object_component_ref idref="oc-3c"/>
            <object_component_ref idref="oc-41"/>
            <object_component_ref idref="oc-47"/>
            <object_component_ref idref="oc-4c"/>
            <object_component_ref idref="oc-50"/>
            <object_component_ref idref="oc-55"/>
            <object_component_ref idref="oc-5b"/>
            <object_component_ref idref="oc-62"/>
            <object_component_ref idref="oc-67"/>
            <object_component_ref idref="oc-6c"/>
            <object_component_ref idref="oc-71"/>
            <object_component_ref idref="oc-76"/>
            <object_component_ref idref="oc-7b"/>
            <object_component_ref idref="oc-80"/>
            <object_component_ref idref="oc-85"/>
            <object_component_ref idref="oc-8a"/>
            <object_component_ref idref="oc-90"/>
            <object_component_ref idref="oc-96"/>
            <object_component_ref idref="oc-9b"/>
            <object_component_ref idref="oc-a0"/>
            <object_component_ref idref="oc-a5"/>
            <object_component_ref idref="oc-aa"/>
            <object_component_ref idref="oc-b1"/>
            <object_component_ref idref="oc-b9"/>
            <object_component_ref idref="oc-be"/>
            <object_component_ref idref="oc-102"/>
         </contents>
      </logical_group>
      <logical_group id="lg-f4" display="never" color="cyan">
         <name>.debug_frame</name>
         <load_address>0x0</load_address>
         <run_address>0x0</run_address>
         <size>0xe01</size>
         <contents>
            <object_component_ref idref="oc-12"/>
            <object_component_ref idref="oc-1d"/>
            <object_component_ref idref="oc-24"/>
            <object_component_ref idref="oc-29"/>
            <object_component_ref idref="oc-2e"/>
            <object_component_ref idref="oc-33"/>
            <object_component_ref idref="oc-38"/>
            <object_component_ref idref="oc-3d"/>
            <object_component_ref idref="oc-43"/>
            <object_component_ref idref="oc-48"/>
            <object_component_ref idref="oc-51"/>
            <object_component_ref idref="oc-57"/>
            <object_component_ref idref="oc-5e"/>
            <object_component_ref idref="oc-63"/>
            <object_component_ref idref="oc-68"/>
            <object_component_ref idref="oc-6d"/>
            <object_component_ref idref="oc-72"/>
            <object_component_ref idref="oc-77"/>
            <object_component_ref idref="oc-7c"/>
            <object_component_ref idref="oc-81"/>
            <object_component_ref idref="oc-86"/>
            <object_component_ref idref="oc-8c"/>
            <object_component_ref idref="oc-92"/>
            <object_component_ref idref="oc-97"/>
            <object_component_ref idref="oc-9c"/>
            <object_component_ref idref="oc-a1"/>
            <object_component_ref idref="oc-a6"/>
            <object_component_ref idref="oc-ad"/>
            <object_component_ref idref="oc-b5"/>
            <object_component_ref idref="oc-ba"/>
            <object_component_ref idref="oc-bf"/>
         </contents>
      </logical_group>
      <logical_group id="lg-f6" display="never" color="cyan">
         <name>.debug_line</name>
         <load_address>0x0</load_address>
         <run_address>0x0</run_address>
         <size>0x17ac</size>
         <contents>
            <object_component_ref idref="oc-13"/>
            <object_component_ref idref="oc-19"/>
            <object_component_ref idref="oc-1e"/>
            <object_component_ref idref="oc-25"/>
            <object_component_ref idref="oc-2a"/>
            <object_component_ref idref="oc-2f"/>
            <object_component_ref idref="oc-34"/>
            <object_component_ref idref="oc-39"/>
            <object_component_ref idref="oc-3e"/>
            <object_component_ref idref="oc-44"/>
            <object_component_ref idref="oc-49"/>
            <object_component_ref idref="oc-52"/>
            <object_component_ref idref="oc-58"/>
            <object_component_ref idref="oc-5f"/>
            <object_component_ref idref="oc-64"/>
            <object_component_ref idref="oc-69"/>
            <object_component_ref idref="oc-6e"/>
            <object_component_ref idref="oc-73"/>
            <object_component_ref idref="oc-78"/>
            <object_component_ref idref="oc-7d"/>
            <object_component_ref idref="oc-82"/>
            <object_component_ref idref="oc-87"/>
            <object_component_ref idref="oc-8d"/>
            <object_component_ref idref="oc-93"/>
            <object_component_ref idref="oc-98"/>
            <object_component_ref idref="oc-9d"/>
            <object_component_ref idref="oc-a2"/>
            <object_component_ref idref="oc-a7"/>
            <object_component_ref idref="oc-ae"/>
            <object_component_ref idref="oc-b6"/>
            <object_component_ref idref="oc-bb"/>
            <object_component_ref idref="oc-c0"/>
         </contents>
      </logical_group>
      <logical_group id="lg-f8" display="never" color="cyan">
         <name>.debug_abbrev</name>
         <load_address>0x0</load_address>
         <run_address>0x0</run_address>
         <size>0x1e3a</size>
         <contents>
            <object_component_ref idref="oc-14"/>
            <object_component_ref idref="oc-1a"/>
            <object_component_ref idref="oc-1f"/>
            <object_component_ref idref="oc-26"/>
            <object_component_ref idref="oc-2b"/>
            <object_component_ref idref="oc-30"/>
            <object_component_ref idref="oc-35"/>
            <object_component_ref idref="oc-3a"/>
            <object_component_ref idref="oc-3f"/>
            <object_component_ref idref="oc-45"/>
            <object_component_ref idref="oc-4a"/>
            <object_component_ref idref="oc-4f"/>
            <object_component_ref idref="oc-53"/>
            <object_component_ref idref="oc-59"/>
            <object_component_ref idref="oc-60"/>
            <object_component_ref idref="oc-65"/>
            <object_component_ref idref="oc-6a"/>
            <object_component_ref idref="oc-6f"/>
            <object_component_ref idref="oc-74"/>
            <object_component_ref idref="oc-79"/>
            <object_component_ref idref="oc-7e"/>
            <object_component_ref idref="oc-83"/>
            <object_component_ref idref="oc-88"/>
            <object_component_ref idref="oc-8e"/>
            <object_component_ref idref="oc-94"/>
            <object_component_ref idref="oc-99"/>
            <object_component_ref idref="oc-9e"/>
            <object_component_ref idref="oc-a3"/>
            <object_component_ref idref="oc-a8"/>
            <object_component_ref idref="oc-af"/>
            <object_component_ref idref="oc-b7"/>
            <object_component_ref idref="oc-bc"/>
            <object_component_ref idref="oc-c1"/>
            <object_component_ref idref="oc-103"/>
         </contents>
      </logical_group>
      <logical_group id="lg-fa" display="never" color="cyan">
         <name>.debug_aranges</name>
         <load_address>0x0</load_address>
         <run_address>0x0</run_address>
         <size>0x560</size>
         <contents>
            <object_component_ref idref="oc-15"/>
            <object_component_ref idref="oc-1b"/>
            <object_component_ref idref="oc-20"/>
            <object_component_ref idref="oc-27"/>
            <object_component_ref idref="oc-2c"/>
            <object_component_ref idref="oc-31"/>
            <object_component_ref idref="oc-36"/>
            <object_component_ref idref="oc-3b"/>
            <object_component_ref idref="oc-40"/>
            <object_component_ref idref="oc-46"/>
            <object_component_ref idref="oc-4b"/>
            <object_component_ref idref="oc-54"/>
            <object_component_ref idref="oc-5a"/>
            <object_component_ref idref="oc-61"/>
            <object_component_ref idref="oc-66"/>
            <object_component_ref idref="oc-6b"/>
            <object_component_ref idref="oc-70"/>
            <object_component_ref idref="oc-75"/>
            <object_component_ref idref="oc-7a"/>
            <object_component_ref idref="oc-7f"/>
            <object_component_ref idref="oc-84"/>
            <object_component_ref idref="oc-89"/>
            <object_component_ref idref="oc-8f"/>
            <object_component_ref idref="oc-95"/>
            <object_component_ref idref="oc-9a"/>
            <object_component_ref idref="oc-9f"/>
            <object_component_ref idref="oc-a4"/>
            <object_component_ref idref="oc-a9"/>
            <object_component_ref idref="oc-b0"/>
            <object_component_ref idref="oc-b8"/>
            <object_component_ref idref="oc-bd"/>
            <object_component_ref idref="oc-c2"/>
         </contents>
      </logical_group>
      <logical_group id="lg-fc" display="no" color="cyan">
         <name>.cio</name>
         <run_address>0x3f9640</run_address>
         <size>0x120</size>
         <contents>
            <object_component_ref idref="oc-91"/>
         </contents>
      </logical_group>
   </logical_group_list>
   <placement_map>
      <memory_area display="yes" color="green">
         <name>RAMM0</name>
         <page_id>0x0</page_id>
         <origin>0x0</origin>
         <length>0x400</length>
         <used_space>0x0</used_space>
         <unused_space>0x400</unused_space>
         <attributes>RWIX</attributes>
         <usage_details>
         </usage_details>
      </memory_area>
      <memory_area display="no" color="green">
         <name>BEGIN</name>
         <page_id>0x0</page_id>
         <origin>0x3f8000</origin>
         <length>0x2</length>
         <used_space>0x0</used_space>
         <unused_space>0x2</unused_space>
         <attributes>RWIX</attributes>
         <usage_details>
         </usage_details>
      </memory_area>
      <memory_area display="yes" color="green">
         <name>PRAMH0</name>
         <page_id>0x0</page_id>
         <origin>0x3f8002</origin>
         <length>0xffe</length>
         <used_space>0xe07</used_space>
         <unused_space>0x1f7</unused_space>
         <attributes>RWIX</attributes>
         <usage_details>
            <allocated_space>
               <start_address>0x3f8002</start_address>
               <size>0xd8a</size>
               <logical_group_ref idref="lg-5"/>
            </allocated_space>
            <allocated_space>
               <start_address>0x3f8d8c</start_address>
               <size>0x7d</size>
               <logical_group_ref idref="lg-6"/>
            </allocated_space>
            <available_space>
               <start_address>0x3f8e09</start_address>
               <size>0x1f7</size>
            </available_space>
         </usage_details>
      </memory_area>
      <memory_area display="no" color="green">
         <name>RESET</name>
         <page_id>0x0</page_id>
         <origin>0x3fffc0</origin>
         <length>0x2</length>
         <used_space>0x0</used_space>
         <unused_space>0x2</unused_space>
         <attributes>RWIX</attributes>
         <usage_details>
         </usage_details>
      </memory_area>
      <memory_area display="yes" color="green">
         <name>RAMM1</name>
         <page_id>0x1</page_id>
         <origin>0x400</origin>
         <length>0x400</length>
         <used_space>0x400</used_space>
         <unused_space>0x0</unused_space>
         <attributes>RWIX</attributes>
         <usage_details>
            <allocated_space>
               <start_address>0x400</start_address>
               <size>0x400</size>
               <logical_group_ref idref="lg-a"/>
            </allocated_space>
         </usage_details>
      </memory_area>
      <memory_area display="yes" color="green">
         <name>DRAMH0</name>
         <page_id>0x1</page_id>
         <origin>0x3f9000</origin>
         <length>0x1000</length>
         <used_space>0x760</used_space>
         <unused_space>0x8a0</unused_space>
         <attributes>RWIX</attributes>
         <usage_details>
            <allocated_space>
               <start_address>0x3f9000</start_address>
               <size>0x400</size>
               <logical_group_ref idref="lg-d"/>
            </allocated_space>
            <allocated_space>
               <start_address>0x3f9400</start_address>
               <size>0x208</size>
               <logical_group_ref idref="lg-b"/>
            </allocated_space>
            <allocated_space>
               <start_address>0x3f9608</start_address>
               <size>0x38</size>
               <logical_group_ref idref="lg-c"/>
            </allocated_space>
            <allocated_space>
               <start_address>0x3f9640</start_address>
               <size>0x120</size>
               <logical_group_ref idref="lg-fc"/>
            </allocated_space>
            <available_space>
               <start_address>0x3f9760</start_address>
               <size>0x8a0</size>
            </available_space>
         </usage_details>
      </memory_area>
   </placement_map>
   <symbol_table>
      <symbol id="sm-0">
         <name>cinit</name>
         <value>0x3f8d8c</value>
      </symbol>
      <symbol id="sm-1">
         <name>___cinit__</name>
         <value>0x3f8d8c</value>
      </symbol>
      <symbol id="sm-2">
         <name>pinit</name>
         <value>0xffffffff</value>
      </symbol>
      <symbol id="sm-3">
         <name>___pinit__</name>
         <value>0xffffffff</value>
      </symbol>
      <symbol id="sm-4">
         <name>binit</name>
         <value>0xffffffff</value>
      </symbol>
      <symbol id="sm-5">
         <name>___binit__</name>
         <value>0xffffffff</value>
      </symbol>
      <symbol id="sm-6">
         <name>__STACK_SIZE</name>
         <value>0x400</value>
      </symbol>
      <symbol id="sm-7">
         <name>__STACK_END</name>
         <value>0x800</value>
      </symbol>
      <symbol id="sm-8">
         <name>__SYSMEM_SIZE</name>
         <value>0x400</value>
      </symbol>
      <symbol id="sm-9">
         <name>___c_args__</name>
         <value>0xffffffff</value>
      </symbol>
      <symbol id="sm-a">
         <name>.text</name>
         <value>0x3f8002</value>
      </symbol>
      <symbol id="sm-b">
         <name>___text__</name>
         <value>0x3f8002</value>
      </symbol>
      <symbol id="sm-c">
         <name>etext</name>
         <value>0x3f8d8c</value>
      </symbol>
      <symbol id="sm-d">
         <name>___etext__</name>
         <value>0x3f8d8c</value>
      </symbol>
      <symbol id="sm-e">
         <name>___TI_pprof_out_hndl</name>
         <value>0xffffffff</value>
      </symbol>
      <symbol id="sm-f">
         <name>___TI_prof_data_start</name>
         <value>0xffffffff</value>
      </symbol>
      <symbol id="sm-10">
         <name>___TI_prof_data_size</name>
         <value>0xffffffff</value>
      </symbol>
      <symbol id="sm-44">
         <name>_main</name>
         <value>0x3f8d34</value>
         <object_component_ref idref="oc-ca"/>
      </symbol>
      <symbol id="sm-5f">
         <name>_c_int00</name>
         <value>0x3f8b6d</value>
         <object_component_ref idref="oc-f"/>
      </symbol>
      <symbol id="sm-60">
         <name>__stack</name>
         <value>0x400</value>
         <object_component_ref idref="oc-16"/>
      </symbol>
      <symbol id="sm-6f">
         <name>_copy_in</name>
         <value>0x3f8ca8</value>
         <object_component_ref idref="oc-c4"/>
      </symbol>
      <symbol id="sm-83">
         <name>C$$EXIT</name>
         <value>0x3f8c7f</value>
         <object_component_ref idref="oc-c7"/>
      </symbol>
      <symbol id="sm-84">
         <name>_exit</name>
         <value>0x3f8c81</value>
         <object_component_ref idref="oc-c7"/>
      </symbol>
      <symbol id="sm-85">
         <name>___TI_cleanup_ptr</name>
         <value>0x3f9572</value>
         <object_component_ref idref="oc-23"/>
      </symbol>
      <symbol id="sm-86">
         <name>___TI_enable_exit_profile_output</name>
         <value>0x3f9570</value>
         <object_component_ref idref="oc-23"/>
      </symbol>
      <symbol id="sm-87">
         <name>_abort</name>
         <value>0x3f8c7f</value>
         <object_component_ref idref="oc-c7"/>
      </symbol>
      <symbol id="sm-88">
         <name>___TI_dtors_ptr</name>
         <value>0x3f9574</value>
         <object_component_ref idref="oc-23"/>
      </symbol>
      <symbol id="sm-99">
         <name>_memcpy</name>
         <value>0x3f8cee</value>
         <object_component_ref idref="oc-c9"/>
      </symbol>
      <symbol id="sm-a5">
         <name>__system_pre_init</name>
         <value>0x3f8d89</value>
         <object_component_ref idref="oc-c3"/>
      </symbol>
      <symbol id="sm-b5">
         <name>_printf</name>
         <value>0x3f8c53</value>
         <object_component_ref idref="oc-d2"/>
      </symbol>
      <symbol id="sm-c1">
         <name>__system_post_cinit</name>
         <value>0x3f8d8b</value>
         <object_component_ref idref="oc-c5"/>
      </symbol>
      <symbol id="sm-d5">
         <name>__unlock</name>
         <value>0x3f9578</value>
         <object_component_ref idref="oc-ce"/>
      </symbol>
      <symbol id="sm-d6">
         <name>__lock</name>
         <value>0x3f9576</value>
         <object_component_ref idref="oc-cb"/>
      </symbol>
      <symbol id="sm-d7">
         <name>__register_lock</name>
         <value>0x3f8d74</value>
         <object_component_ref idref="oc-d3"/>
      </symbol>
      <symbol id="sm-d8">
         <name>__nop</name>
         <value>0x3f8d78</value>
         <object_component_ref idref="oc-d3"/>
      </symbol>
      <symbol id="sm-d9">
         <name>__register_unlock</name>
         <value>0x3f8d70</value>
         <object_component_ref idref="oc-d3"/>
      </symbol>
      <symbol id="sm-111">
         <name>___TI_printfi_minimal</name>
         <value>0x3f8739</value>
         <object_component_ref idref="oc-d6"/>
      </symbol>
      <symbol id="sm-120">
         <name>__args_main</name>
         <value>0x3f8d0b</value>
         <object_component_ref idref="oc-c6"/>
      </symbol>
      <symbol id="sm-12b">
         <name>___TI_ft_end</name>
         <value>0x3f9400</value>
         <object_component_ref idref="oc-4e"/>
      </symbol>
      <symbol id="sm-12c">
         <name>___TI_tmpnams</name>
         <value>0x3f94c0</value>
         <object_component_ref idref="oc-4e"/>
      </symbol>
      <symbol id="sm-12d">
         <name>__ftable</name>
         <value>0x3f9440</value>
         <object_component_ref idref="oc-4e"/>
      </symbol>
      <symbol id="sm-13f">
         <name>_putchar</name>
         <value>0x3f8c0b</value>
         <object_component_ref idref="oc-d4"/>
      </symbol>
      <symbol id="sm-140">
         <name>_putc</name>
         <value>0x3f8bc1</value>
         <object_component_ref idref="oc-d4"/>
      </symbol>
      <symbol id="sm-141">
         <name>_fputc</name>
         <value>0x3f8bc1</value>
         <object_component_ref idref="oc-d4"/>
      </symbol>
      <symbol id="sm-15d">
         <name>_puts</name>
         <value>0x3f8920</value>
         <object_component_ref idref="oc-d5"/>
      </symbol>
      <symbol id="sm-15e">
         <name>_fputs</name>
         <value>0x3f8890</value>
         <object_component_ref idref="oc-d5"/>
      </symbol>
      <symbol id="sm-198">
         <name>_add_device</name>
         <value>0x3f83fc</value>
         <object_component_ref idref="oc-d9"/>
      </symbol>
      <symbol id="sm-199">
         <name>_rename</name>
         <value>0x3f82e5</value>
         <object_component_ref idref="oc-d9"/>
      </symbol>
      <symbol id="sm-19a">
         <name>_read</name>
         <value>0x3f832a</value>
         <object_component_ref idref="oc-d9"/>
      </symbol>
      <symbol id="sm-19b">
         <name>_unlink</name>
         <value>0x3f82cc</value>
         <object_component_ref idref="oc-d9"/>
      </symbol>
      <symbol id="sm-19c">
         <name>_remove_device</name>
         <value>0x3f8310</value>
         <object_component_ref idref="oc-d9"/>
      </symbol>
      <symbol id="sm-19d">
         <name>_open</name>
         <value>0x3f8342</value>
         <object_component_ref idref="oc-d9"/>
      </symbol>
      <symbol id="sm-19e">
         <name>_lseek</name>
         <value>0x3f83b1</value>
         <object_component_ref idref="oc-d9"/>
      </symbol>
      <symbol id="sm-19f">
         <name>_close</name>
         <value>0x3f83c9</value>
         <object_component_ref idref="oc-d9"/>
      </symbol>
      <symbol id="sm-1a0">
         <name>_write</name>
         <value>0x3f8266</value>
         <object_component_ref idref="oc-d9"/>
      </symbol>
      <symbol id="sm-1af">
         <name>_memccpy</name>
         <value>0x3f8d42</value>
         <object_component_ref idref="oc-db"/>
      </symbol>
      <symbol id="sm-1be">
         <name>_memchr</name>
         <value>0x3f8d24</value>
         <object_component_ref idref="oc-da"/>
      </symbol>
      <symbol id="sm-1cc">
         <name>_memset</name>
         <value>0x3f8d4f</value>
         <object_component_ref idref="oc-dc"/>
      </symbol>
      <symbol id="sm-1db">
         <name>_strchr</name>
         <value>0x3f8d5b</value>
         <object_component_ref idref="oc-e0"/>
      </symbol>
      <symbol id="sm-1e9">
         <name>_strcmp</name>
         <value>0x3f8d66</value>
         <object_component_ref idref="oc-df"/>
      </symbol>
      <symbol id="sm-1f6">
         <name>_strcpy</name>
         <value>0x3f8d81</value>
         <object_component_ref idref="oc-d1"/>
      </symbol>
      <symbol id="sm-203">
         <name>_strlen</name>
         <value>0x3f8d79</value>
         <object_component_ref idref="oc-d0"/>
      </symbol>
      <symbol id="sm-213">
         <name>_strncpy</name>
         <value>0x3f8ccc</value>
         <object_component_ref idref="oc-e1"/>
      </symbol>
      <symbol id="sm-226">
         <name>_HOSTopen</name>
         <value>0x3f814e</value>
         <object_component_ref idref="oc-c8"/>
      </symbol>
      <symbol id="sm-227">
         <name>_HOSTread</name>
         <value>0x3f8116</value>
         <object_component_ref idref="oc-c8"/>
      </symbol>
      <symbol id="sm-228">
         <name>_HOSTgetenv</name>
         <value>0x3f81e3</value>
         <object_component_ref idref="oc-c8"/>
      </symbol>
      <symbol id="sm-229">
         <name>_HOSTtime</name>
         <value>0x3f80a3</value>
         <object_component_ref idref="oc-c8"/>
      </symbol>
      <symbol id="sm-22a">
         <name>_HOSTtime64</name>
         <value>0x3f805f</value>
         <object_component_ref idref="oc-c8"/>
      </symbol>
      <symbol id="sm-22b">
         <name>_HOSTrename</name>
         <value>0x3f80d7</value>
         <object_component_ref idref="oc-c8"/>
      </symbol>
      <symbol id="sm-22c">
         <name>_HOSTclock</name>
         <value>0x3f8232</value>
         <object_component_ref idref="oc-c8"/>
      </symbol>
      <symbol id="sm-22d">
         <name>_HOSTwrite</name>
         <value>0x3f8002</value>
         <object_component_ref idref="oc-c8"/>
      </symbol>
      <symbol id="sm-22e">
         <name>_HOSTlseek</name>
         <value>0x3f8187</value>
         <object_component_ref idref="oc-c8"/>
      </symbol>
      <symbol id="sm-22f">
         <name>_HOSTunlink</name>
         <value>0x3f803a</value>
         <object_component_ref idref="oc-c8"/>
      </symbol>
      <symbol id="sm-230">
         <name>_HOSTclose</name>
         <value>0x3f820b</value>
         <object_component_ref idref="oc-c8"/>
      </symbol>
      <symbol id="sm-248">
         <name>___TI_readmsg</name>
         <value>0x3f898b</value>
         <object_component_ref idref="oc-cd"/>
      </symbol>
      <symbol id="sm-249">
         <name>C$$IO$$</name>
         <value>0x3f8986</value>
         <object_component_ref idref="oc-cd"/>
      </symbol>
      <symbol id="sm-24a">
         <name>__CIOBUF_</name>
         <value>0x3f9640</value>
         <object_component_ref idref="oc-91"/>
      </symbol>
      <symbol id="sm-24b">
         <name>___TI_writemsg</name>
         <value>0x3f8933</value>
         <object_component_ref idref="oc-cd"/>
      </symbol>
      <symbol id="sm-262">
         <name>___TI_rd_ok</name>
         <value>0x3f8ae6</value>
         <object_component_ref idref="oc-d7"/>
      </symbol>
      <symbol id="sm-263">
         <name>___TI_wrt_ok</name>
         <value>0x3f8aab</value>
         <object_component_ref idref="oc-d7"/>
      </symbol>
      <symbol id="sm-278">
         <name>___TI_doflush</name>
         <value>0x3f8a40</value>
         <object_component_ref idref="oc-d8"/>
      </symbol>
      <symbol id="sm-279">
         <name>_fflush</name>
         <value>0x3f8a6f</value>
         <object_component_ref idref="oc-d8"/>
      </symbol>
      <symbol id="sm-289">
         <name>_fseek</name>
         <value>0x3f8c10</value>
         <object_component_ref idref="oc-dd"/>
      </symbol>
      <symbol id="sm-2a0">
         <name>_setvbuf</name>
         <value>0x3f89c7</value>
         <object_component_ref idref="oc-de"/>
      </symbol>
      <symbol id="sm-2d5">
         <name>_fopen</name>
         <value>0x3f884a</value>
         <object_component_ref idref="oc-e3"/>
      </symbol>
      <symbol id="sm-2d6">
         <name>___TI_cleanup</name>
         <value>0x3f880f</value>
         <object_component_ref idref="oc-e3"/>
      </symbol>
      <symbol id="sm-2d7">
         <name>_freopen</name>
         <value>0x3f882c</value>
         <object_component_ref idref="oc-e3"/>
      </symbol>
      <symbol id="sm-321">
         <name>__sys_memory</name>
         <value>0x3f9000</value>
         <object_component_ref idref="oc-b3"/>
      </symbol>
      <symbol id="sm-322">
         <name>_chkheap</name>
         <value>0x3f8619</value>
         <object_component_ref idref="oc-e2"/>
      </symbol>
      <symbol id="sm-323">
         <name>_realloc</name>
         <value>0x3f852b</value>
         <object_component_ref idref="oc-e2"/>
      </symbol>
      <symbol id="sm-324">
         <name>_free_memory</name>
         <value>0x3f85fe</value>
         <object_component_ref idref="oc-e2"/>
      </symbol>
      <symbol id="sm-325">
         <name>_max_free</name>
         <value>0x3f85df</value>
         <object_component_ref idref="oc-e2"/>
      </symbol>
      <symbol id="sm-326">
         <name>_free</name>
         <value>0x3f8465</value>
         <object_component_ref idref="oc-e2"/>
      </symbol>
      <symbol id="sm-327">
         <name>_calloc</name>
         <value>0x3f861b</value>
         <object_component_ref idref="oc-e2"/>
      </symbol>
      <symbol id="sm-328">
         <name>_malloc</name>
         <value>0x3f84ce</value>
         <object_component_ref idref="oc-e2"/>
      </symbol>
      <symbol id="sm-329">
         <name>_minit</name>
         <value>0x3f84ab</value>
         <object_component_ref idref="oc-e2"/>
      </symbol>
      <symbol id="sm-33a">
         <name>___TI_closefile</name>
         <value>0x3f8b12</value>
         <object_component_ref idref="oc-e4"/>
      </symbol>
      <symbol id="sm-33b">
         <name>_fclose</name>
         <value>0x3f8b54</value>
         <object_component_ref idref="oc-e4"/>
      </symbol>
      <symbol id="sm-347">
         <name>_remove</name>
         <value>0x3f8d86</value>
         <object_component_ref idref="oc-e5"/>
      </symbol>
   </symbol_table>
   <title>Link successful</title>
</link_info>
